--------------------------------------------------------------------------------
Release 13.4 Trace  (nt)
Copyright (c) 1995-2011 Xilinx, Inc.  All rights reserved.

D:\Xilinx\13.4\ISE_DS\ISE\bin\nt\unwrapped\trce.exe -intstyle ise -v 3 -s 3 -n
3 -fastpaths -xml RI_CPU_Exp.twx RI_CPU_Exp.ncd -o RI_CPU_Exp.twr
RI_CPU_Exp.pcf -ucf RI_CPU.ucf

Design file:              RI_CPU_Exp.ncd
Physical constraint file: RI_CPU_Exp.pcf
Device,package,speed:     xc6slx16,csg324,C,-3 (PRODUCTION 1.21 2012-01-07)
Report level:             verbose report

Environment Variable      Effect 
--------------------      ------ 
NONE                      No environment variables were set
--------------------------------------------------------------------------------

INFO:Timing:2698 - No timing constraints found, doing default enumeration.
INFO:Timing:3412 - To improve timing, see the Timing Closure User Guide (UG612).
INFO:Timing:2752 - To get complete path coverage, use the unconstrained paths 
   option. All paths that are not constrained will be reported in the 
   unconstrained paths section(s) of the report.
INFO:Timing:3339 - The clock-to-out numbers in this timing report are based on 
   a 50 Ohm transmission line loading model.  For the details of this model, 
   and for more information on accounting for different loading conditions, 
   please see the device datasheet.



Data Sheet report:
-----------------
All values displayed in nanoseconds (ns)

Setup/Hold to clock clk_100MHz
------------+------------+------------+------------+------------+------------------+--------+
            |Max Setup to|  Process   |Max Hold to |  Process   |                  | Clock  |
Source      | clk (edge) |   Corner   | clk (edge) |   Corner   |Internal Clock(s) | Phase  |
------------+------------+------------+------------+------------+------------------+--------+
Step_BTN    |    1.018(R)|      FAST  |   -0.320(R)|      SLOW  |clk_100MHz_BUFGP  |   0.000|
------------+------------+------------+------------+------------+------------------+--------+

Clock clk_100MHz to Pad
------------+-----------------+------------+-----------------+------------+------------------+--------+
            |Max (slowest) clk|  Process   |Min (fastest) clk|  Process   |                  | Clock  |
Destination |  (edge) to PAD  |   Corner   |  (edge) to PAD  |   Corner   |Internal Clock(s) | Phase  |
------------+-----------------+------------+-----------------+------------+------------------+--------+
LED<0>      |        11.700(R)|      SLOW  |         5.878(R)|      FAST  |clk_100MHz_BUFGP  |   0.000|
LED<1>      |        14.189(R)|      SLOW  |         6.076(R)|      FAST  |clk_100MHz_BUFGP  |   0.000|
LED<2>      |        14.102(R)|      SLOW  |         6.221(R)|      FAST  |clk_100MHz_BUFGP  |   0.000|
LED<3>      |        14.048(R)|      SLOW  |         5.953(R)|      FAST  |clk_100MHz_BUFGP  |   0.000|
LED<4>      |        12.340(R)|      SLOW  |         5.526(R)|      FAST  |clk_100MHz_BUFGP  |   0.000|
LED<5>      |        13.552(R)|      SLOW  |         5.453(R)|      FAST  |clk_100MHz_BUFGP  |   0.000|
LED<6>      |        13.180(R)|      SLOW  |         6.145(R)|      FAST  |clk_100MHz_BUFGP  |   0.000|
LED<7>      |        15.975(R)|      SLOW  |         5.382(R)|      FAST  |clk_100MHz_BUFGP  |   0.000|
------------+-----------------+------------+-----------------+------------+------------------+--------+

Clock to Setup on destination clock clk_100MHz
---------------+---------+---------+---------+---------+
               | Src:Rise| Src:Fall| Src:Rise| Src:Fall|
Source Clock   |Dest:Rise|Dest:Rise|Dest:Fall|Dest:Fall|
---------------+---------+---------+---------+---------+
clk_100MHz     |    2.843|         |         |         |
---------------+---------+---------+---------+---------+

Pad to Pad
---------------+---------------+---------+
Source Pad     |Destination Pad|  Delay  |
---------------+---------------+---------+
SW<0>          |LED<0>         |    9.659|
SW<0>          |LED<1>         |    9.147|
SW<0>          |LED<2>         |    9.609|
SW<0>          |LED<3>         |   10.355|
SW<0>          |LED<4>         |    7.616|
SW<0>          |LED<5>         |    8.694|
SW<0>          |LED<6>         |    8.949|
SW<0>          |LED<7>         |    8.680|
SW<1>          |LED<0>         |   11.586|
SW<1>          |LED<1>         |   12.491|
SW<1>          |LED<2>         |   13.353|
SW<1>          |LED<3>         |   12.801|
SW<1>          |LED<4>         |    9.733|
SW<1>          |LED<5>         |    9.239|
SW<1>          |LED<6>         |    9.523|
SW<1>          |LED<7>         |   13.537|
SW<2>          |LED<0>         |   11.169|
SW<2>          |LED<1>         |   12.113|
SW<2>          |LED<2>         |   13.204|
SW<2>          |LED<3>         |   12.722|
SW<2>          |LED<4>         |   10.038|
SW<2>          |LED<5>         |    9.544|
SW<2>          |LED<6>         |    9.450|
SW<2>          |LED<7>         |   12.029|
SW<3>          |LED<0>         |    9.510|
SW<3>          |LED<1>         |    9.677|
SW<3>          |LED<2>         |    9.827|
SW<3>          |LED<3>         |   10.362|
SW<3>          |LED<4>         |    8.168|
SW<3>          |LED<5>         |    8.928|
SW<3>          |LED<6>         |    9.591|
SW<3>          |LED<7>         |    9.001|
---------------+---------------+---------+


Analysis completed Fri Mar 07 15:21:33 2014 
--------------------------------------------------------------------------------

Trace Settings:
-------------------------
Trace Settings 

Peak Memory Usage: 158 MB



